1@2.yang:1: warning: FILENAME_BAD_MODULE_NAME
1@2.yang:1: warning: FILENAME_BAD_REVISION
