@2017-09-26.yang:1: warning: FILENAME_BAD_MODULE_NAME
