badrev@2017-09.yang:1: warning: FILENAME_BAD_REVISION
